Analysis & Elaboration report for TOP
Sat May 13 18:12:29 2023
Quartus Prime Version 18.1.0 Build 625 09/12/2018 SJ Lite Edition


---------------------
; Table of Contents ;
---------------------
  1. Legal Notice
  2. Analysis & Elaboration Summary
  3. Parallel Compilation
  4. Parameter Settings for User Entity Instance: Tessia:tess|fetch:Fetch
  5. Parameter Settings for User Entity Instance: Tessia:tess|fetch:Fetch|mux2to1:prepcmux
  6. Parameter Settings for User Entity Instance: Tessia:tess|fetch:Fetch|mux2to1:pcmux
  7. Parameter Settings for User Entity Instance: Tessia:tess|fetch:Fetch|flopenrc:pcregister
  8. Parameter Settings for User Entity Instance: Tessia:tess|fetch:Fetch|adder:pcadd1
  9. Parameter Settings for User Entity Instance: Tessia:tess|flopenrc:FetchDecodeFlipFlop
 10. Parameter Settings for User Entity Instance: Tessia:tess|ControlUnit:controlunit
 11. Parameter Settings for User Entity Instance: Tessia:tess|decode:Decode
 12. Parameter Settings for User Entity Instance: Tessia:tess|decode:Decode|mux2to1:ra1mux
 13. Parameter Settings for User Entity Instance: Tessia:tess|decode:Decode|mux2to1:ra2mux
 14. Parameter Settings for User Entity Instance: Tessia:tess|flopenrc:DecodeExecuteFlipFlop
 15. Parameter Settings for User Entity Instance: Tessia:tess|ConditionalUnit:CondUnit|flopenr:flagreg1
 16. Parameter Settings for User Entity Instance: Tessia:tess|ConditionalUnit:CondUnit|flopenr:flagreg0
 17. Parameter Settings for User Entity Instance: Tessia:tess|mux3to1:forwmulA
 18. Parameter Settings for User Entity Instance: Tessia:tess|mux3to1:forwmulB
 19. Parameter Settings for User Entity Instance: Tessia:tess|execute:Execute
 20. Parameter Settings for User Entity Instance: Tessia:tess|execute:Execute|mux2to1:srcbmux
 21. Parameter Settings for User Entity Instance: Tessia:tess|execute:Execute|ALU:alu
 22. Parameter Settings for User Entity Instance: Tessia:tess|flopenrc:ExecuteMemoryFlipFlop
 23. Parameter Settings for User Entity Instance: Tessia:tess|flopenrc:MemoryWriteBackFlipFlop
 24. Parameter Settings for User Entity Instance: Tessia:tess|WriteBack:writeback
 25. Parameter Settings for User Entity Instance: Tessia:tess|WriteBack:writeback|mux2to1:memtoregmux
 26. Analysis & Elaboration Settings
 27. Port Connectivity Checks: "Tessia:tess|flopenrc:MemoryWriteBackFlipFlop"
 28. Port Connectivity Checks: "Tessia:tess|flopenrc:ExecuteMemoryFlipFlop"
 29. Port Connectivity Checks: "Tessia:tess|flopenrc:DecodeExecuteFlipFlop"
 30. Port Connectivity Checks: "Tessia:tess|decode:Decode|mux2to1:ra2mux"
 31. Port Connectivity Checks: "Tessia:tess|decode:Decode|mux2to1:ra1mux"
 32. Port Connectivity Checks: "Tessia:tess|decode:Decode"
 33. Port Connectivity Checks: "Tessia:tess|fetch:Fetch|adder:pcadd1"
 34. Port Connectivity Checks: "Tessia:tess|fetch:Fetch"
 35. Port Connectivity Checks: "Tessia:tess"
 36. Analysis & Elaboration Messages
 37. Analysis & Elaboration Suppressed Messages



----------------
; Legal Notice ;
----------------
Copyright (C) 2018  Intel Corporation. All rights reserved.
Your use of Intel Corporation's design tools, logic functions 
and other software and tools, and its AMPP partner logic 
functions, and any output files from any of the foregoing 
(including device programming or simulation files), and any 
associated documentation or information are expressly subject 
to the terms and conditions of the Intel Program License 
Subscription Agreement, the Intel Quartus Prime License Agreement,
the Intel FPGA IP License Agreement, or other applicable license
agreement, including, without limitation, that your use is for
the sole purpose of programming logic devices manufactured by
Intel and sold by Intel or its authorized distributors.  Please
refer to the applicable agreement for further details.



+-----------------------------------------------------------------------------+
; Analysis & Elaboration Summary                                              ;
+-------------------------------+---------------------------------------------+
; Analysis & Elaboration Status ; Successful - Sat May 13 18:12:29 2023       ;
; Quartus Prime Version         ; 18.1.0 Build 625 09/12/2018 SJ Lite Edition ;
; Revision Name                 ; TOP                                         ;
; Top-level Entity Name         ; TOP                                         ;
; Family                        ; Cyclone V                                   ;
; Logic utilization (in ALMs)   ; N/A until Partition Merge                   ;
; Total registers               ; N/A until Partition Merge                   ;
; Total pins                    ; N/A until Partition Merge                   ;
; Total virtual pins            ; N/A until Partition Merge                   ;
; Total block memory bits       ; N/A until Partition Merge                   ;
; Total PLLs                    ; N/A until Partition Merge                   ;
; Total DLLs                    ; N/A until Partition Merge                   ;
+-------------------------------+---------------------------------------------+


+------------------------------------------+
; Parallel Compilation                     ;
+----------------------------+-------------+
; Processors                 ; Number      ;
+----------------------------+-------------+
; Number detected on machine ; 16          ;
; Maximum allowed            ; 16          ;
;                            ;             ;
; Average used               ; 1.00        ;
; Maximum used               ; 1           ;
;                            ;             ;
; Usage by Processor         ; % Time Used ;
;     Processor 1            ; 100.0%      ;
+----------------------------+-------------+


+----------------------------------------------------------------------+
; Parameter Settings for User Entity Instance: Tessia:tess|fetch:Fetch ;
+----------------+-------+---------------------------------------------+
; Parameter Name ; Value ; Type                                        ;
+----------------+-------+---------------------------------------------+
; WIDTH          ; 32    ; Signed Integer                              ;
+----------------+-------+---------------------------------------------+
Note: In order to hide this table in the UI and the text report file, please set the "Show Parameter Settings in Synthesis Report" option in "Analysis and Synthesis Settings -> More Settings" to "Off".


+---------------------------------------------------------------------------------------+
; Parameter Settings for User Entity Instance: Tessia:tess|fetch:Fetch|mux2to1:prepcmux ;
+----------------+-------+--------------------------------------------------------------+
; Parameter Name ; Value ; Type                                                         ;
+----------------+-------+--------------------------------------------------------------+
; WIDTH          ; 32    ; Signed Integer                                               ;
+----------------+-------+--------------------------------------------------------------+
Note: In order to hide this table in the UI and the text report file, please set the "Show Parameter Settings in Synthesis Report" option in "Analysis and Synthesis Settings -> More Settings" to "Off".


+------------------------------------------------------------------------------------+
; Parameter Settings for User Entity Instance: Tessia:tess|fetch:Fetch|mux2to1:pcmux ;
+----------------+-------+-----------------------------------------------------------+
; Parameter Name ; Value ; Type                                                      ;
+----------------+-------+-----------------------------------------------------------+
; WIDTH          ; 32    ; Signed Integer                                            ;
+----------------+-------+-----------------------------------------------------------+
Note: In order to hide this table in the UI and the text report file, please set the "Show Parameter Settings in Synthesis Report" option in "Analysis and Synthesis Settings -> More Settings" to "Off".


+------------------------------------------------------------------------------------------+
; Parameter Settings for User Entity Instance: Tessia:tess|fetch:Fetch|flopenrc:pcregister ;
+----------------+-------+-----------------------------------------------------------------+
; Parameter Name ; Value ; Type                                                            ;
+----------------+-------+-----------------------------------------------------------------+
; WIDTH          ; 32    ; Signed Integer                                                  ;
+----------------+-------+-----------------------------------------------------------------+
Note: In order to hide this table in the UI and the text report file, please set the "Show Parameter Settings in Synthesis Report" option in "Analysis and Synthesis Settings -> More Settings" to "Off".


+-----------------------------------------------------------------------------------+
; Parameter Settings for User Entity Instance: Tessia:tess|fetch:Fetch|adder:pcadd1 ;
+----------------+-------+----------------------------------------------------------+
; Parameter Name ; Value ; Type                                                     ;
+----------------+-------+----------------------------------------------------------+
; WIDTH          ; 32    ; Signed Integer                                           ;
+----------------+-------+----------------------------------------------------------+
Note: In order to hide this table in the UI and the text report file, please set the "Show Parameter Settings in Synthesis Report" option in "Analysis and Synthesis Settings -> More Settings" to "Off".


+---------------------------------------------------------------------------------------+
; Parameter Settings for User Entity Instance: Tessia:tess|flopenrc:FetchDecodeFlipFlop ;
+----------------+-------+--------------------------------------------------------------+
; Parameter Name ; Value ; Type                                                         ;
+----------------+-------+--------------------------------------------------------------+
; WIDTH          ; 32    ; Signed Integer                                               ;
+----------------+-------+--------------------------------------------------------------+
Note: In order to hide this table in the UI and the text report file, please set the "Show Parameter Settings in Synthesis Report" option in "Analysis and Synthesis Settings -> More Settings" to "Off".


+----------------------------------------------------------------------------------+
; Parameter Settings for User Entity Instance: Tessia:tess|ControlUnit:controlunit ;
+----------------+-------+---------------------------------------------------------+
; Parameter Name ; Value ; Type                                                    ;
+----------------+-------+---------------------------------------------------------+
; WIDTH          ; 32    ; Signed Integer                                          ;
+----------------+-------+---------------------------------------------------------+
Note: In order to hide this table in the UI and the text report file, please set the "Show Parameter Settings in Synthesis Report" option in "Analysis and Synthesis Settings -> More Settings" to "Off".


+------------------------------------------------------------------------+
; Parameter Settings for User Entity Instance: Tessia:tess|decode:Decode ;
+----------------+-------+-----------------------------------------------+
; Parameter Name ; Value ; Type                                          ;
+----------------+-------+-----------------------------------------------+
; WIDTH          ; 32    ; Signed Integer                                ;
+----------------+-------+-----------------------------------------------+
Note: In order to hide this table in the UI and the text report file, please set the "Show Parameter Settings in Synthesis Report" option in "Analysis and Synthesis Settings -> More Settings" to "Off".


+---------------------------------------------------------------------------------------+
; Parameter Settings for User Entity Instance: Tessia:tess|decode:Decode|mux2to1:ra1mux ;
+----------------+-------+--------------------------------------------------------------+
; Parameter Name ; Value ; Type                                                         ;
+----------------+-------+--------------------------------------------------------------+
; WIDTH          ; 32    ; Signed Integer                                               ;
+----------------+-------+--------------------------------------------------------------+
Note: In order to hide this table in the UI and the text report file, please set the "Show Parameter Settings in Synthesis Report" option in "Analysis and Synthesis Settings -> More Settings" to "Off".


+---------------------------------------------------------------------------------------+
; Parameter Settings for User Entity Instance: Tessia:tess|decode:Decode|mux2to1:ra2mux ;
+----------------+-------+--------------------------------------------------------------+
; Parameter Name ; Value ; Type                                                         ;
+----------------+-------+--------------------------------------------------------------+
; WIDTH          ; 32    ; Signed Integer                                               ;
+----------------+-------+--------------------------------------------------------------+
Note: In order to hide this table in the UI and the text report file, please set the "Show Parameter Settings in Synthesis Report" option in "Analysis and Synthesis Settings -> More Settings" to "Off".


+-----------------------------------------------------------------------------------------+
; Parameter Settings for User Entity Instance: Tessia:tess|flopenrc:DecodeExecuteFlipFlop ;
+----------------+-------+----------------------------------------------------------------+
; Parameter Name ; Value ; Type                                                           ;
+----------------+-------+----------------------------------------------------------------+
; WIDTH          ; 129   ; Signed Integer                                                 ;
+----------------+-------+----------------------------------------------------------------+
Note: In order to hide this table in the UI and the text report file, please set the "Show Parameter Settings in Synthesis Report" option in "Analysis and Synthesis Settings -> More Settings" to "Off".


+----------------------------------------------------------------------------------------------------+
; Parameter Settings for User Entity Instance: Tessia:tess|ConditionalUnit:CondUnit|flopenr:flagreg1 ;
+----------------+-------+---------------------------------------------------------------------------+
; Parameter Name ; Value ; Type                                                                      ;
+----------------+-------+---------------------------------------------------------------------------+
; WIDTH          ; 2     ; Signed Integer                                                            ;
+----------------+-------+---------------------------------------------------------------------------+
Note: In order to hide this table in the UI and the text report file, please set the "Show Parameter Settings in Synthesis Report" option in "Analysis and Synthesis Settings -> More Settings" to "Off".


+----------------------------------------------------------------------------------------------------+
; Parameter Settings for User Entity Instance: Tessia:tess|ConditionalUnit:CondUnit|flopenr:flagreg0 ;
+----------------+-------+---------------------------------------------------------------------------+
; Parameter Name ; Value ; Type                                                                      ;
+----------------+-------+---------------------------------------------------------------------------+
; WIDTH          ; 2     ; Signed Integer                                                            ;
+----------------+-------+---------------------------------------------------------------------------+
Note: In order to hide this table in the UI and the text report file, please set the "Show Parameter Settings in Synthesis Report" option in "Analysis and Synthesis Settings -> More Settings" to "Off".


+---------------------------------------------------------------------------+
; Parameter Settings for User Entity Instance: Tessia:tess|mux3to1:forwmulA ;
+----------------+-------+--------------------------------------------------+
; Parameter Name ; Value ; Type                                             ;
+----------------+-------+--------------------------------------------------+
; WIDTH          ; 32    ; Signed Integer                                   ;
+----------------+-------+--------------------------------------------------+
Note: In order to hide this table in the UI and the text report file, please set the "Show Parameter Settings in Synthesis Report" option in "Analysis and Synthesis Settings -> More Settings" to "Off".


+---------------------------------------------------------------------------+
; Parameter Settings for User Entity Instance: Tessia:tess|mux3to1:forwmulB ;
+----------------+-------+--------------------------------------------------+
; Parameter Name ; Value ; Type                                             ;
+----------------+-------+--------------------------------------------------+
; WIDTH          ; 32    ; Signed Integer                                   ;
+----------------+-------+--------------------------------------------------+
Note: In order to hide this table in the UI and the text report file, please set the "Show Parameter Settings in Synthesis Report" option in "Analysis and Synthesis Settings -> More Settings" to "Off".


+--------------------------------------------------------------------------+
; Parameter Settings for User Entity Instance: Tessia:tess|execute:Execute ;
+----------------+-------+-------------------------------------------------+
; Parameter Name ; Value ; Type                                            ;
+----------------+-------+-------------------------------------------------+
; WIDTH          ; 32    ; Signed Integer                                  ;
+----------------+-------+-------------------------------------------------+
Note: In order to hide this table in the UI and the text report file, please set the "Show Parameter Settings in Synthesis Report" option in "Analysis and Synthesis Settings -> More Settings" to "Off".


+------------------------------------------------------------------------------------------+
; Parameter Settings for User Entity Instance: Tessia:tess|execute:Execute|mux2to1:srcbmux ;
+----------------+-------+-----------------------------------------------------------------+
; Parameter Name ; Value ; Type                                                            ;
+----------------+-------+-----------------------------------------------------------------+
; WIDTH          ; 32    ; Signed Integer                                                  ;
+----------------+-------+-----------------------------------------------------------------+
Note: In order to hide this table in the UI and the text report file, please set the "Show Parameter Settings in Synthesis Report" option in "Analysis and Synthesis Settings -> More Settings" to "Off".


+----------------------------------------------------------------------------------+
; Parameter Settings for User Entity Instance: Tessia:tess|execute:Execute|ALU:alu ;
+----------------+-------+---------------------------------------------------------+
; Parameter Name ; Value ; Type                                                    ;
+----------------+-------+---------------------------------------------------------+
; N              ; 32    ; Signed Integer                                          ;
+----------------+-------+---------------------------------------------------------+
Note: In order to hide this table in the UI and the text report file, please set the "Show Parameter Settings in Synthesis Report" option in "Analysis and Synthesis Settings -> More Settings" to "Off".


+-----------------------------------------------------------------------------------------+
; Parameter Settings for User Entity Instance: Tessia:tess|flopenrc:ExecuteMemoryFlipFlop ;
+----------------+-------+----------------------------------------------------------------+
; Parameter Name ; Value ; Type                                                           ;
+----------------+-------+----------------------------------------------------------------+
; WIDTH          ; 72    ; Signed Integer                                                 ;
+----------------+-------+----------------------------------------------------------------+
Note: In order to hide this table in the UI and the text report file, please set the "Show Parameter Settings in Synthesis Report" option in "Analysis and Synthesis Settings -> More Settings" to "Off".


+-------------------------------------------------------------------------------------------+
; Parameter Settings for User Entity Instance: Tessia:tess|flopenrc:MemoryWriteBackFlipFlop ;
+----------------+-------+------------------------------------------------------------------+
; Parameter Name ; Value ; Type                                                             ;
+----------------+-------+------------------------------------------------------------------+
; WIDTH          ; 71    ; Signed Integer                                                   ;
+----------------+-------+------------------------------------------------------------------+
Note: In order to hide this table in the UI and the text report file, please set the "Show Parameter Settings in Synthesis Report" option in "Analysis and Synthesis Settings -> More Settings" to "Off".


+------------------------------------------------------------------------------+
; Parameter Settings for User Entity Instance: Tessia:tess|WriteBack:writeback ;
+----------------+-------+-----------------------------------------------------+
; Parameter Name ; Value ; Type                                                ;
+----------------+-------+-----------------------------------------------------+
; WIDTH          ; 32    ; Signed Integer                                      ;
+----------------+-------+-----------------------------------------------------+
Note: In order to hide this table in the UI and the text report file, please set the "Show Parameter Settings in Synthesis Report" option in "Analysis and Synthesis Settings -> More Settings" to "Off".


+--------------------------------------------------------------------------------------------------+
; Parameter Settings for User Entity Instance: Tessia:tess|WriteBack:writeback|mux2to1:memtoregmux ;
+----------------+-------+-------------------------------------------------------------------------+
; Parameter Name ; Value ; Type                                                                    ;
+----------------+-------+-------------------------------------------------------------------------+
; WIDTH          ; 32    ; Signed Integer                                                          ;
+----------------+-------+-------------------------------------------------------------------------+
Note: In order to hide this table in the UI and the text report file, please set the "Show Parameter Settings in Synthesis Report" option in "Analysis and Synthesis Settings -> More Settings" to "Off".


+---------------------------------------------------------------------------------------------------------------------------+
; Analysis & Elaboration Settings                                                                                           ;
+---------------------------------------------------------------------------------+--------------------+--------------------+
; Option                                                                          ; Setting            ; Default Value      ;
+---------------------------------------------------------------------------------+--------------------+--------------------+
; Device                                                                          ; 5CSEMA5F31C6       ;                    ;
; Top-level entity name                                                           ; TOP                ; TOP                ;
; Family name                                                                     ; Cyclone V          ; Cyclone V          ;
; Use smart compilation                                                           ; Off                ; Off                ;
; Enable parallel Assembler and Timing Analyzer during compilation                ; On                 ; On                 ;
; Enable compact report table                                                     ; Off                ; Off                ;
; Restructure Multiplexers                                                        ; Auto               ; Auto               ;
; MLAB Add Timing Constraints For Mixed-Port Feed-Through Mode Setting Don't Care ; Off                ; Off                ;
; Create Debugging Nodes for IP Cores                                             ; Off                ; Off                ;
; Preserve fewer node names                                                       ; On                 ; On                 ;
; Intel FPGA IP Evaluation Mode                                                   ; Enable             ; Enable             ;
; Verilog Version                                                                 ; Verilog_2001       ; Verilog_2001       ;
; VHDL Version                                                                    ; VHDL_1993          ; VHDL_1993          ;
; State Machine Processing                                                        ; Auto               ; Auto               ;
; Safe State Machine                                                              ; Off                ; Off                ;
; Extract Verilog State Machines                                                  ; On                 ; On                 ;
; Extract VHDL State Machines                                                     ; On                 ; On                 ;
; Ignore Verilog initial constructs                                               ; Off                ; Off                ;
; Iteration limit for constant Verilog loops                                      ; 5000               ; 5000               ;
; Iteration limit for non-constant Verilog loops                                  ; 250                ; 250                ;
; Add Pass-Through Logic to Inferred RAMs                                         ; On                 ; On                 ;
; Infer RAMs from Raw Logic                                                       ; On                 ; On                 ;
; Parallel Synthesis                                                              ; On                 ; On                 ;
; DSP Block Balancing                                                             ; Auto               ; Auto               ;
; NOT Gate Push-Back                                                              ; On                 ; On                 ;
; Power-Up Don't Care                                                             ; On                 ; On                 ;
; Remove Redundant Logic Cells                                                    ; Off                ; Off                ;
; Remove Duplicate Registers                                                      ; On                 ; On                 ;
; Ignore CARRY Buffers                                                            ; Off                ; Off                ;
; Ignore CASCADE Buffers                                                          ; Off                ; Off                ;
; Ignore GLOBAL Buffers                                                           ; Off                ; Off                ;
; Ignore ROW GLOBAL Buffers                                                       ; Off                ; Off                ;
; Ignore LCELL Buffers                                                            ; Off                ; Off                ;
; Ignore SOFT Buffers                                                             ; On                 ; On                 ;
; Limit AHDL Integers to 32 Bits                                                  ; Off                ; Off                ;
; Optimization Technique                                                          ; Balanced           ; Balanced           ;
; Carry Chain Length                                                              ; 70                 ; 70                 ;
; Auto Carry Chains                                                               ; On                 ; On                 ;
; Auto Open-Drain Pins                                                            ; On                 ; On                 ;
; Perform WYSIWYG Primitive Resynthesis                                           ; Off                ; Off                ;
; Auto ROM Replacement                                                            ; On                 ; On                 ;
; Auto RAM Replacement                                                            ; On                 ; On                 ;
; Auto DSP Block Replacement                                                      ; On                 ; On                 ;
; Auto Shift Register Replacement                                                 ; Auto               ; Auto               ;
; Allow Shift Register Merging across Hierarchies                                 ; Auto               ; Auto               ;
; Auto Clock Enable Replacement                                                   ; On                 ; On                 ;
; Strict RAM Replacement                                                          ; Off                ; Off                ;
; Allow Synchronous Control Signals                                               ; On                 ; On                 ;
; Force Use of Synchronous Clear Signals                                          ; Off                ; Off                ;
; Auto Resource Sharing                                                           ; Off                ; Off                ;
; Allow Any RAM Size For Recognition                                              ; Off                ; Off                ;
; Allow Any ROM Size For Recognition                                              ; Off                ; Off                ;
; Allow Any Shift Register Size For Recognition                                   ; Off                ; Off                ;
; Use LogicLock Constraints during Resource Balancing                             ; On                 ; On                 ;
; Ignore translate_off and synthesis_off directives                               ; Off                ; Off                ;
; Timing-Driven Synthesis                                                         ; On                 ; On                 ;
; Report Parameter Settings                                                       ; On                 ; On                 ;
; Report Source Assignments                                                       ; On                 ; On                 ;
; Report Connectivity Checks                                                      ; On                 ; On                 ;
; Ignore Maximum Fan-Out Assignments                                              ; Off                ; Off                ;
; Synchronization Register Chain Length                                           ; 3                  ; 3                  ;
; Power Optimization During Synthesis                                             ; Normal compilation ; Normal compilation ;
; HDL message level                                                               ; Level2             ; Level2             ;
; Suppress Register Optimization Related Messages                                 ; Off                ; Off                ;
; Number of Removed Registers Reported in Synthesis Report                        ; 5000               ; 5000               ;
; Number of Swept Nodes Reported in Synthesis Report                              ; 5000               ; 5000               ;
; Number of Inverted Registers Reported in Synthesis Report                       ; 100                ; 100                ;
; Clock MUX Protection                                                            ; On                 ; On                 ;
; Auto Gated Clock Conversion                                                     ; Off                ; Off                ;
; Block Design Naming                                                             ; Auto               ; Auto               ;
; SDC constraint protection                                                       ; Off                ; Off                ;
; Synthesis Effort                                                                ; Auto               ; Auto               ;
; Shift Register Replacement - Allow Asynchronous Clear Signal                    ; On                 ; On                 ;
; Pre-Mapping Resynthesis Optimization                                            ; Off                ; Off                ;
; Analysis & Synthesis Message Level                                              ; Medium             ; Medium             ;
; Disable Register Merging Across Hierarchies                                     ; Auto               ; Auto               ;
; Resource Aware Inference For Block RAM                                          ; On                 ; On                 ;
; Automatic Parallel Synthesis                                                    ; On                 ; On                 ;
; Partial Reconfiguration Bitstream ID                                            ; Off                ; Off                ;
+---------------------------------------------------------------------------------+--------------------+--------------------+


+-----------------------------------------------------------------------------------------------------------------------------------------------------------------------------------------------------------------+
; Port Connectivity Checks: "Tessia:tess|flopenrc:MemoryWriteBackFlipFlop"                                                                                                                                        ;
+--------+--------+----------+------------------------------------------------------------------------------------------------------------------------------------------------------------------------------------+
; Port   ; Type   ; Severity ; Details                                                                                                                                                                            ;
+--------+--------+----------+------------------------------------------------------------------------------------------------------------------------------------------------------------------------------------+
; en     ; Input  ; Warning  ; Input port expression (32 bits) is wider than the input port (1 bits) it drives.  The 31 most-significant bit(s) in the expression will be dangling if they have no other fanouts. ;
; en[-1] ; Input  ; Info     ; Stuck at VCC                                                                                                                                                                       ;
; q      ; Output ; Warning  ; Output or bidir port (71 bits) is smaller than the port expression (99 bits) it drives.  The 28 most-significant bit(s) in the port expression will be connected to GND.           ;
+--------+--------+----------+------------------------------------------------------------------------------------------------------------------------------------------------------------------------------------+


+----------------------------------------------------------------------------------------------------------------------------------------------------------------------------------------------------------------+
; Port Connectivity Checks: "Tessia:tess|flopenrc:ExecuteMemoryFlipFlop"                                                                                                                                         ;
+--------+-------+----------+------------------------------------------------------------------------------------------------------------------------------------------------------------------------------------+
; Port   ; Type  ; Severity ; Details                                                                                                                                                                            ;
+--------+-------+----------+------------------------------------------------------------------------------------------------------------------------------------------------------------------------------------+
; en     ; Input ; Warning  ; Input port expression (32 bits) is wider than the input port (1 bits) it drives.  The 31 most-significant bit(s) in the expression will be dangling if they have no other fanouts. ;
; en[-1] ; Input ; Info     ; Stuck at VCC                                                                                                                                                                       ;
+--------+-------+----------+------------------------------------------------------------------------------------------------------------------------------------------------------------------------------------+


+----------------------------------------------------------------------------------------------------------------------------------------------------------------------------------------------------------------+
; Port Connectivity Checks: "Tessia:tess|flopenrc:DecodeExecuteFlipFlop"                                                                                                                                         ;
+--------+-------+----------+------------------------------------------------------------------------------------------------------------------------------------------------------------------------------------+
; Port   ; Type  ; Severity ; Details                                                                                                                                                                            ;
+--------+-------+----------+------------------------------------------------------------------------------------------------------------------------------------------------------------------------------------+
; en     ; Input ; Warning  ; Input port expression (32 bits) is wider than the input port (1 bits) it drives.  The 31 most-significant bit(s) in the expression will be dangling if they have no other fanouts. ;
; en[-1] ; Input ; Info     ; Stuck at VCC                                                                                                                                                                       ;
+--------+-------+----------+------------------------------------------------------------------------------------------------------------------------------------------------------------------------------------+


+---------------------------------------------------------------------------------------------------------------------------------------------------------------------------+
; Port Connectivity Checks: "Tessia:tess|decode:Decode|mux2to1:ra2mux"                                                                                                      ;
+--------+--------+----------+----------------------------------------------------------------------------------------------------------------------------------------------+
; Port   ; Type   ; Severity ; Details                                                                                                                                      ;
+--------+--------+----------+----------------------------------------------------------------------------------------------------------------------------------------------+
; d0     ; Input  ; Warning  ; Input port expression (4 bits) is smaller than the input port (32 bits) it drives.  Extra input bit(s) "d0[31..4]" will be connected to GND. ;
; d1     ; Input  ; Warning  ; Input port expression (4 bits) is smaller than the input port (32 bits) it drives.  Extra input bit(s) "d1[31..4]" will be connected to GND. ;
; result ; Output ; Warning  ; Output or bidir port (32 bits) is wider than the port expression (4 bits) it drives; bit(s) "result[31..4]" have no fanouts                  ;
+--------+--------+----------+----------------------------------------------------------------------------------------------------------------------------------------------+


+------------------------------------------------------------------------------------------------------------------------------------------------------------------------------+
; Port Connectivity Checks: "Tessia:tess|decode:Decode|mux2to1:ra1mux"                                                                                                         ;
+-----------+--------+----------+----------------------------------------------------------------------------------------------------------------------------------------------+
; Port      ; Type   ; Severity ; Details                                                                                                                                      ;
+-----------+--------+----------+----------------------------------------------------------------------------------------------------------------------------------------------+
; d0        ; Input  ; Warning  ; Input port expression (4 bits) is smaller than the input port (32 bits) it drives.  Extra input bit(s) "d0[31..4]" will be connected to GND. ;
; d1[3..0]  ; Input  ; Info     ; Stuck at VCC                                                                                                                                 ;
; d1[31..4] ; Input  ; Info     ; Stuck at GND                                                                                                                                 ;
; result    ; Output ; Warning  ; Output or bidir port (32 bits) is wider than the port expression (4 bits) it drives; bit(s) "result[31..4]" have no fanouts                  ;
+-----------+--------+----------+----------------------------------------------------------------------------------------------------------------------------------------------+


+------------------------------------------------------------------------------------------------------------------------------------------------------------------------------------------------------------------+
; Port Connectivity Checks: "Tessia:tess|decode:Decode"                                                                                                                                                            ;
+----------+-------+----------+------------------------------------------------------------------------------------------------------------------------------------------------------------------------------------+
; Port     ; Type  ; Severity ; Details                                                                                                                                                                            ;
+----------+-------+----------+------------------------------------------------------------------------------------------------------------------------------------------------------------------------------------+
; WA3W     ; Input ; Warning  ; Input port expression (32 bits) is wider than the input port (4 bits) it drives.  The 28 most-significant bit(s) in the expression will be dangling if they have no other fanouts. ;
; PCPlus8D ; Input ; Warning  ; Input port expression (33 bits) is wider than the input port (32 bits) it drives.  The 1 most-significant bit(s) in the expression will be dangling if they have no other fanouts. ;
+----------+-------+----------+------------------------------------------------------------------------------------------------------------------------------------------------------------------------------------+


+------------------------------------------------------------------+
; Port Connectivity Checks: "Tessia:tess|fetch:Fetch|adder:pcadd1" ;
+----------+-------+----------+------------------------------------+
; Port     ; Type  ; Severity ; Details                            ;
+----------+-------+----------+------------------------------------+
; b[31..3] ; Input ; Info     ; Stuck at GND                       ;
; b[1..0]  ; Input ; Info     ; Stuck at GND                       ;
; b[2]     ; Input ; Info     ; Stuck at VCC                       ;
+----------+-------+----------+------------------------------------+


+--------------------------------------------------------------------------------------------------------------------------------------------------------------------------------------------------------+
; Port Connectivity Checks: "Tessia:tess|fetch:Fetch"                                                                                                                                                    ;
+----------+--------+----------+-------------------------------------------------------------------------------------------------------------------------------------------------------------------------+
; Port     ; Type   ; Severity ; Details                                                                                                                                                                 ;
+----------+--------+----------+-------------------------------------------------------------------------------------------------------------------------------------------------------------------------+
; PCPlus4F ; Output ; Warning  ; Output or bidir port (32 bits) is smaller than the port expression (33 bits) it drives.  The 1 most-significant bit(s) in the port expression will be connected to GND. ;
+----------+--------+----------+-------------------------------------------------------------------------------------------------------------------------------------------------------------------------+


+----------------------------------------------------------------------------------------------------------------+
; Port Connectivity Checks: "Tessia:tess"                                                                        ;
+------+--------+----------+-------------------------------------------------------------------------------------+
; Port ; Type   ; Severity ; Details                                                                             ;
+------+--------+----------+-------------------------------------------------------------------------------------+
; PCF  ; Output ; Info     ; Connected to dangling logic. Logic that only feeds a dangling port will be removed. ;
+------+--------+----------+-------------------------------------------------------------------------------------+


+---------------------------------+
; Analysis & Elaboration Messages ;
+---------------------------------+
Info: *******************************************************************
Info: Running Quartus Prime Analysis & Elaboration
    Info: Version 18.1.0 Build 625 09/12/2018 SJ Lite Edition
    Info: Processing started: Sat May 13 18:12:18 2023
Info: Command: quartus_map --read_settings_files=on --write_settings_files=off tessia-x -c TOP --analysis_and_elaboration
Warning (18236): Number of processors has not been specified which may cause overloading on shared machines.  Set the global assignment NUM_PARALLEL_PROCESSORS in your QSF to an appropriate value for best performance.
Info (20030): Parallel compilation is enabled and will use 16 of the 16 processors detected
Info (12021): Found 1 design units, including 1 entities, in source file decode-stage/registerfile.sv
    Info (12023): Found entity 1: RegisterFile File: C:/Users/kevii/OneDrive/Escritorio/GitHub/earce_computer_architecture_1_2023_grupal/TessiaX/decode-stage/RegisterFile.sv Line: 1
Info (12021): Found 1 design units, including 1 entities, in source file decode-stage/extendimmediate.sv
    Info (12023): Found entity 1: ExtendImmediate File: C:/Users/kevii/OneDrive/Escritorio/GitHub/earce_computer_architecture_1_2023_grupal/TessiaX/decode-stage/ExtendImmediate.sv Line: 1
Info (12021): Found 1 design units, including 1 entities, in source file decode-stage/decode.sv
    Info (12023): Found entity 1: decode File: C:/Users/kevii/OneDrive/Escritorio/GitHub/earce_computer_architecture_1_2023_grupal/TessiaX/decode-stage/decode.sv Line: 1
Info (12021): Found 1 design units, including 1 entities, in source file decode-stage/controlunit.sv
    Info (12023): Found entity 1: ControlUnit File: C:/Users/kevii/OneDrive/Escritorio/GitHub/earce_computer_architecture_1_2023_grupal/TessiaX/decode-stage/ControlUnit.sv Line: 1
Info (12021): Found 1 design units, including 1 entities, in source file execute-stage/execute.sv
    Info (12023): Found entity 1: execute File: C:/Users/kevii/OneDrive/Escritorio/GitHub/earce_computer_architecture_1_2023_grupal/TessiaX/execute-stage/execute.sv Line: 1
Info (12021): Found 1 design units, including 1 entities, in source file execute-stage/conditioncheck.sv
    Info (12023): Found entity 1: ConditionCheck File: C:/Users/kevii/OneDrive/Escritorio/GitHub/earce_computer_architecture_1_2023_grupal/TessiaX/execute-stage/ConditionCheck.sv Line: 1
Info (12021): Found 1 design units, including 1 entities, in source file execute-stage/conditionalunit.sv
    Info (12023): Found entity 1: ConditionalUnit File: C:/Users/kevii/OneDrive/Escritorio/GitHub/earce_computer_architecture_1_2023_grupal/TessiaX/execute-stage/ConditionalUnit.sv Line: 1
Info (12021): Found 1 design units, including 1 entities, in source file execute-stage/alu.sv
    Info (12023): Found entity 1: ALU File: C:/Users/kevii/OneDrive/Escritorio/GitHub/earce_computer_architecture_1_2023_grupal/TessiaX/execute-stage/ALU.sv Line: 1
Info (12021): Found 1 design units, including 1 entities, in source file fetch-stage/fetch.sv
    Info (12023): Found entity 1: fetch File: C:/Users/kevii/OneDrive/Escritorio/GitHub/earce_computer_architecture_1_2023_grupal/TessiaX/fetch-stage/fetch.sv Line: 1
Info (12021): Found 1 design units, including 1 entities, in source file hazards/hazardunit.sv
    Info (12023): Found entity 1: HazardUnit File: C:/Users/kevii/OneDrive/Escritorio/GitHub/earce_computer_architecture_1_2023_grupal/TessiaX/hazards/HazardUnit.sv Line: 1
Info (12021): Found 1 design units, including 1 entities, in source file memory/instructionmemory.sv
    Info (12023): Found entity 1: InstructionMemory File: C:/Users/kevii/OneDrive/Escritorio/GitHub/earce_computer_architecture_1_2023_grupal/TessiaX/memory/InstructionMemory.sv Line: 1
Info (12021): Found 1 design units, including 1 entities, in source file memory/datamemory.sv
    Info (12023): Found entity 1: DataMemory File: C:/Users/kevii/OneDrive/Escritorio/GitHub/earce_computer_architecture_1_2023_grupal/TessiaX/memory/DataMemory.sv Line: 1
Info (12021): Found 1 design units, including 1 entities, in source file testbenches/testbench.sv
    Info (12023): Found entity 1: testbench File: C:/Users/kevii/OneDrive/Escritorio/GitHub/earce_computer_architecture_1_2023_grupal/TessiaX/testbenches/testbench.sv Line: 1
Info (12021): Found 1 design units, including 1 entities, in source file utils/mux3to1.sv
    Info (12023): Found entity 1: mux3to1 File: C:/Users/kevii/OneDrive/Escritorio/GitHub/earce_computer_architecture_1_2023_grupal/TessiaX/utils/mux3to1.sv Line: 1
Info (12021): Found 1 design units, including 1 entities, in source file utils/mux2to1.sv
    Info (12023): Found entity 1: mux2to1 File: C:/Users/kevii/OneDrive/Escritorio/GitHub/earce_computer_architecture_1_2023_grupal/TessiaX/utils/mux2to1.sv Line: 1
Info (12021): Found 1 design units, including 1 entities, in source file utils/flopr.sv
    Info (12023): Found entity 1: flopr File: C:/Users/kevii/OneDrive/Escritorio/GitHub/earce_computer_architecture_1_2023_grupal/TessiaX/utils/flopr.sv Line: 4
Info (12021): Found 1 design units, including 1 entities, in source file utils/flopenrc.sv
    Info (12023): Found entity 1: flopenrc File: C:/Users/kevii/OneDrive/Escritorio/GitHub/earce_computer_architecture_1_2023_grupal/TessiaX/utils/flopenrc.sv Line: 1
Info (12021): Found 1 design units, including 1 entities, in source file utils/flopenr.sv
    Info (12023): Found entity 1: flopenr File: C:/Users/kevii/OneDrive/Escritorio/GitHub/earce_computer_architecture_1_2023_grupal/TessiaX/utils/flopenr.sv Line: 1
Info (12021): Found 1 design units, including 1 entities, in source file utils/adder.sv
    Info (12023): Found entity 1: adder File: C:/Users/kevii/OneDrive/Escritorio/GitHub/earce_computer_architecture_1_2023_grupal/TessiaX/utils/adder.sv Line: 1
Info (12021): Found 1 design units, including 1 entities, in source file write-back-stage/writeback.sv
    Info (12023): Found entity 1: WriteBack File: C:/Users/kevii/OneDrive/Escritorio/GitHub/earce_computer_architecture_1_2023_grupal/TessiaX/write-back-stage/WriteBack.sv Line: 1
Info (12021): Found 1 design units, including 1 entities, in source file top.sv
    Info (12023): Found entity 1: TOP File: C:/Users/kevii/OneDrive/Escritorio/GitHub/earce_computer_architecture_1_2023_grupal/TessiaX/TOP.sv Line: 1
Info (12021): Found 1 design units, including 1 entities, in source file tessia.sv
    Info (12023): Found entity 1: Tessia File: C:/Users/kevii/OneDrive/Escritorio/GitHub/earce_computer_architecture_1_2023_grupal/TessiaX/Tessia.sv Line: 1
Info (12127): Elaborating entity "TOP" for the top level hierarchy
Info (12128): Elaborating entity "Tessia" for hierarchy "Tessia:tess" File: C:/Users/kevii/OneDrive/Escritorio/GitHub/earce_computer_architecture_1_2023_grupal/TessiaX/TOP.sv Line: 15
Warning (10034): Output port "WriteData" at Tessia.sv(3) has no driver File: C:/Users/kevii/OneDrive/Escritorio/GitHub/earce_computer_architecture_1_2023_grupal/TessiaX/Tessia.sv Line: 3
Info (12128): Elaborating entity "InstructionMemory" for hierarchy "Tessia:tess|InstructionMemory:imem" File: C:/Users/kevii/OneDrive/Escritorio/GitHub/earce_computer_architecture_1_2023_grupal/TessiaX/Tessia.sv Line: 54
Warning (10030): Net "ROM.data_a" at InstructionMemory.sv(7) has no driver or initial value, using a default initial value '0' File: C:/Users/kevii/OneDrive/Escritorio/GitHub/earce_computer_architecture_1_2023_grupal/TessiaX/memory/InstructionMemory.sv Line: 7
Warning (10030): Net "ROM.waddr_a" at InstructionMemory.sv(7) has no driver or initial value, using a default initial value '0' File: C:/Users/kevii/OneDrive/Escritorio/GitHub/earce_computer_architecture_1_2023_grupal/TessiaX/memory/InstructionMemory.sv Line: 7
Warning (10030): Net "ROM.we_a" at InstructionMemory.sv(7) has no driver or initial value, using a default initial value '0' File: C:/Users/kevii/OneDrive/Escritorio/GitHub/earce_computer_architecture_1_2023_grupal/TessiaX/memory/InstructionMemory.sv Line: 7
Info (12128): Elaborating entity "fetch" for hierarchy "Tessia:tess|fetch:Fetch" File: C:/Users/kevii/OneDrive/Escritorio/GitHub/earce_computer_architecture_1_2023_grupal/TessiaX/Tessia.sv Line: 66
Info (12128): Elaborating entity "mux2to1" for hierarchy "Tessia:tess|fetch:Fetch|mux2to1:prepcmux" File: C:/Users/kevii/OneDrive/Escritorio/GitHub/earce_computer_architecture_1_2023_grupal/TessiaX/fetch-stage/fetch.sv Line: 11
Info (12128): Elaborating entity "flopenrc" for hierarchy "Tessia:tess|fetch:Fetch|flopenrc:pcregister" File: C:/Users/kevii/OneDrive/Escritorio/GitHub/earce_computer_architecture_1_2023_grupal/TessiaX/fetch-stage/fetch.sv Line: 22
Info (12128): Elaborating entity "adder" for hierarchy "Tessia:tess|fetch:Fetch|adder:pcadd1" File: C:/Users/kevii/OneDrive/Escritorio/GitHub/earce_computer_architecture_1_2023_grupal/TessiaX/fetch-stage/fetch.sv Line: 25
Info (12128): Elaborating entity "ControlUnit" for hierarchy "Tessia:tess|ControlUnit:controlunit" File: C:/Users/kevii/OneDrive/Escritorio/GitHub/earce_computer_architecture_1_2023_grupal/TessiaX/Tessia.sv Line: 94
Info (12128): Elaborating entity "decode" for hierarchy "Tessia:tess|decode:Decode" File: C:/Users/kevii/OneDrive/Escritorio/GitHub/earce_computer_architecture_1_2023_grupal/TessiaX/Tessia.sv Line: 111
Info (12128): Elaborating entity "RegisterFile" for hierarchy "Tessia:tess|decode:Decode|RegisterFile:RF" File: C:/Users/kevii/OneDrive/Escritorio/GitHub/earce_computer_architecture_1_2023_grupal/TessiaX/decode-stage/decode.sv Line: 22
Info (12128): Elaborating entity "ExtendImmediate" for hierarchy "Tessia:tess|decode:Decode|ExtendImmediate:EI" File: C:/Users/kevii/OneDrive/Escritorio/GitHub/earce_computer_architecture_1_2023_grupal/TessiaX/decode-stage/decode.sv Line: 26
Info (12128): Elaborating entity "flopenrc" for hierarchy "Tessia:tess|flopenrc:DecodeExecuteFlipFlop" File: C:/Users/kevii/OneDrive/Escritorio/GitHub/earce_computer_architecture_1_2023_grupal/TessiaX/Tessia.sv Line: 155
Info (12128): Elaborating entity "ConditionalUnit" for hierarchy "Tessia:tess|ConditionalUnit:CondUnit" File: C:/Users/kevii/OneDrive/Escritorio/GitHub/earce_computer_architecture_1_2023_grupal/TessiaX/Tessia.sv Line: 174
Info (12128): Elaborating entity "flopenr" for hierarchy "Tessia:tess|ConditionalUnit:CondUnit|flopenr:flagreg1" File: C:/Users/kevii/OneDrive/Escritorio/GitHub/earce_computer_architecture_1_2023_grupal/TessiaX/execute-stage/ConditionalUnit.sv Line: 15
Info (12128): Elaborating entity "ConditionCheck" for hierarchy "Tessia:tess|ConditionalUnit:CondUnit|ConditionCheck:cc" File: C:/Users/kevii/OneDrive/Escritorio/GitHub/earce_computer_architecture_1_2023_grupal/TessiaX/execute-stage/ConditionalUnit.sv Line: 19
Info (12128): Elaborating entity "mux3to1" for hierarchy "Tessia:tess|mux3to1:forwmulA" File: C:/Users/kevii/OneDrive/Escritorio/GitHub/earce_computer_architecture_1_2023_grupal/TessiaX/Tessia.sv Line: 183
Info (12128): Elaborating entity "HazardUnit" for hierarchy "Tessia:tess|HazardUnit:hazards" File: C:/Users/kevii/OneDrive/Escritorio/GitHub/earce_computer_architecture_1_2023_grupal/TessiaX/Tessia.sv Line: 214
Info (12128): Elaborating entity "execute" for hierarchy "Tessia:tess|execute:Execute" File: C:/Users/kevii/OneDrive/Escritorio/GitHub/earce_computer_architecture_1_2023_grupal/TessiaX/Tessia.sv Line: 226
Info (12128): Elaborating entity "ALU" for hierarchy "Tessia:tess|execute:Execute|ALU:alu" File: C:/Users/kevii/OneDrive/Escritorio/GitHub/earce_computer_architecture_1_2023_grupal/TessiaX/execute-stage/execute.sv Line: 20
Info (12128): Elaborating entity "flopenrc" for hierarchy "Tessia:tess|flopenrc:ExecuteMemoryFlipFlop" File: C:/Users/kevii/OneDrive/Escritorio/GitHub/earce_computer_architecture_1_2023_grupal/TessiaX/Tessia.sv Line: 249
Info (12128): Elaborating entity "DataMemory" for hierarchy "Tessia:tess|DataMemory:dmem" File: C:/Users/kevii/OneDrive/Escritorio/GitHub/earce_computer_architecture_1_2023_grupal/TessiaX/Tessia.sv Line: 258
Info (12128): Elaborating entity "flopenrc" for hierarchy "Tessia:tess|flopenrc:MemoryWriteBackFlipFlop" File: C:/Users/kevii/OneDrive/Escritorio/GitHub/earce_computer_architecture_1_2023_grupal/TessiaX/Tessia.sv Line: 280
Info (12128): Elaborating entity "WriteBack" for hierarchy "Tessia:tess|WriteBack:writeback" File: C:/Users/kevii/OneDrive/Escritorio/GitHub/earce_computer_architecture_1_2023_grupal/TessiaX/Tessia.sv Line: 288
Warning (12011): Net is missing source, defaulting to GND
    Warning (12110): Net "Tessia:tess|PCSrcW" is missing source, defaulting to GND File: C:/Users/kevii/OneDrive/Escritorio/GitHub/earce_computer_architecture_1_2023_grupal/TessiaX/Tessia.sv Line: 9
    Warning (12110): Net "Tessia:tess|PCPlus4[32]" is missing source, defaulting to GND File: C:/Users/kevii/OneDrive/Escritorio/GitHub/earce_computer_architecture_1_2023_grupal/TessiaX/Tessia.sv Line: 10
    Warning (12110): Net "Tessia:tess|RegWriteW" is missing source, defaulting to GND File: C:/Users/kevii/OneDrive/Escritorio/GitHub/earce_computer_architecture_1_2023_grupal/TessiaX/Tessia.sv Line: 12
    Warning (12110): Net "Tessia:tess|MemToRegW" is missing source, defaulting to GND File: C:/Users/kevii/OneDrive/Escritorio/GitHub/earce_computer_architecture_1_2023_grupal/TessiaX/Tessia.sv Line: 42
    Warning (12110): Net "Tessia:tess|ReadDataW[31]" is missing source, defaulting to GND File: C:/Users/kevii/OneDrive/Escritorio/GitHub/earce_computer_architecture_1_2023_grupal/TessiaX/Tessia.sv Line: 43
    Warning (12110): Net "Tessia:tess|ReadDataW[30]" is missing source, defaulting to GND File: C:/Users/kevii/OneDrive/Escritorio/GitHub/earce_computer_architecture_1_2023_grupal/TessiaX/Tessia.sv Line: 43
    Warning (12110): Net "Tessia:tess|ReadDataW[29]" is missing source, defaulting to GND File: C:/Users/kevii/OneDrive/Escritorio/GitHub/earce_computer_architecture_1_2023_grupal/TessiaX/Tessia.sv Line: 43
    Warning (12110): Net "Tessia:tess|ReadDataW[28]" is missing source, defaulting to GND File: C:/Users/kevii/OneDrive/Escritorio/GitHub/earce_computer_architecture_1_2023_grupal/TessiaX/Tessia.sv Line: 43
    Warning (12110): Net "Tessia:tess|ReadDataW[27]" is missing source, defaulting to GND File: C:/Users/kevii/OneDrive/Escritorio/GitHub/earce_computer_architecture_1_2023_grupal/TessiaX/Tessia.sv Line: 43
    Warning (12110): Net "Tessia:tess|ReadDataW[26]" is missing source, defaulting to GND File: C:/Users/kevii/OneDrive/Escritorio/GitHub/earce_computer_architecture_1_2023_grupal/TessiaX/Tessia.sv Line: 43
    Warning (12110): Net "Tessia:tess|ReadDataW[25]" is missing source, defaulting to GND File: C:/Users/kevii/OneDrive/Escritorio/GitHub/earce_computer_architecture_1_2023_grupal/TessiaX/Tessia.sv Line: 43
    Warning (12110): Net "Tessia:tess|ReadDataW[24]" is missing source, defaulting to GND File: C:/Users/kevii/OneDrive/Escritorio/GitHub/earce_computer_architecture_1_2023_grupal/TessiaX/Tessia.sv Line: 43
    Warning (12110): Net "Tessia:tess|ReadDataW[23]" is missing source, defaulting to GND File: C:/Users/kevii/OneDrive/Escritorio/GitHub/earce_computer_architecture_1_2023_grupal/TessiaX/Tessia.sv Line: 43
    Warning (12110): Net "Tessia:tess|ReadDataW[22]" is missing source, defaulting to GND File: C:/Users/kevii/OneDrive/Escritorio/GitHub/earce_computer_architecture_1_2023_grupal/TessiaX/Tessia.sv Line: 43
    Warning (12110): Net "Tessia:tess|ReadDataW[21]" is missing source, defaulting to GND File: C:/Users/kevii/OneDrive/Escritorio/GitHub/earce_computer_architecture_1_2023_grupal/TessiaX/Tessia.sv Line: 43
    Warning (12110): Net "Tessia:tess|ReadDataW[20]" is missing source, defaulting to GND File: C:/Users/kevii/OneDrive/Escritorio/GitHub/earce_computer_architecture_1_2023_grupal/TessiaX/Tessia.sv Line: 43
    Warning (12110): Net "Tessia:tess|ReadDataW[19]" is missing source, defaulting to GND File: C:/Users/kevii/OneDrive/Escritorio/GitHub/earce_computer_architecture_1_2023_grupal/TessiaX/Tessia.sv Line: 43
    Warning (12110): Net "Tessia:tess|ReadDataW[18]" is missing source, defaulting to GND File: C:/Users/kevii/OneDrive/Escritorio/GitHub/earce_computer_architecture_1_2023_grupal/TessiaX/Tessia.sv Line: 43
    Warning (12110): Net "Tessia:tess|ReadDataW[17]" is missing source, defaulting to GND File: C:/Users/kevii/OneDrive/Escritorio/GitHub/earce_computer_architecture_1_2023_grupal/TessiaX/Tessia.sv Line: 43
    Warning (12110): Net "Tessia:tess|ReadDataW[16]" is missing source, defaulting to GND File: C:/Users/kevii/OneDrive/Escritorio/GitHub/earce_computer_architecture_1_2023_grupal/TessiaX/Tessia.sv Line: 43
    Warning (12110): Net "Tessia:tess|ReadDataW[15]" is missing source, defaulting to GND File: C:/Users/kevii/OneDrive/Escritorio/GitHub/earce_computer_architecture_1_2023_grupal/TessiaX/Tessia.sv Line: 43
    Warning (12110): Net "Tessia:tess|ReadDataW[14]" is missing source, defaulting to GND File: C:/Users/kevii/OneDrive/Escritorio/GitHub/earce_computer_architecture_1_2023_grupal/TessiaX/Tessia.sv Line: 43
    Warning (12110): Net "Tessia:tess|ReadDataW[13]" is missing source, defaulting to GND File: C:/Users/kevii/OneDrive/Escritorio/GitHub/earce_computer_architecture_1_2023_grupal/TessiaX/Tessia.sv Line: 43
    Warning (12110): Net "Tessia:tess|ReadDataW[12]" is missing source, defaulting to GND File: C:/Users/kevii/OneDrive/Escritorio/GitHub/earce_computer_architecture_1_2023_grupal/TessiaX/Tessia.sv Line: 43
    Warning (12110): Net "Tessia:tess|ReadDataW[11]" is missing source, defaulting to GND File: C:/Users/kevii/OneDrive/Escritorio/GitHub/earce_computer_architecture_1_2023_grupal/TessiaX/Tessia.sv Line: 43
    Warning (12110): Net "Tessia:tess|ReadDataW[10]" is missing source, defaulting to GND File: C:/Users/kevii/OneDrive/Escritorio/GitHub/earce_computer_architecture_1_2023_grupal/TessiaX/Tessia.sv Line: 43
    Warning (12110): Net "Tessia:tess|ReadDataW[9]" is missing source, defaulting to GND File: C:/Users/kevii/OneDrive/Escritorio/GitHub/earce_computer_architecture_1_2023_grupal/TessiaX/Tessia.sv Line: 43
    Warning (12110): Net "Tessia:tess|ReadDataW[8]" is missing source, defaulting to GND File: C:/Users/kevii/OneDrive/Escritorio/GitHub/earce_computer_architecture_1_2023_grupal/TessiaX/Tessia.sv Line: 43
    Warning (12110): Net "Tessia:tess|ReadDataW[7]" is missing source, defaulting to GND File: C:/Users/kevii/OneDrive/Escritorio/GitHub/earce_computer_architecture_1_2023_grupal/TessiaX/Tessia.sv Line: 43
Warning (12241): 7 hierarchies have connectivity warnings - see the Connectivity Checks report folder
Info (144001): Generated suppressed messages file C:/Users/kevii/OneDrive/Escritorio/GitHub/earce_computer_architecture_1_2023_grupal/TessiaX/output_files/TOP.map.smsg
Info: Quartus Prime Analysis & Elaboration was successful. 0 errors, 36 warnings
    Info: Peak virtual memory: 4781 megabytes
    Info: Processing ended: Sat May 13 18:12:29 2023
    Info: Elapsed time: 00:00:11
    Info: Total CPU time (on all processors): 00:00:07


+--------------------------------------------+
; Analysis & Elaboration Suppressed Messages ;
+--------------------------------------------+
The suppressed messages can be found in C:/Users/kevii/OneDrive/Escritorio/GitHub/earce_computer_architecture_1_2023_grupal/TessiaX/output_files/TOP.map.smsg.


